// Jest Snapshot v1, https://goo.gl/fbAQLP

exports[`attribute set get get set 1`] = `"M 15 0A 15 15 0 1 1 14.999992500000625 -0.014999997500008808ZL 4.9999999999975 -0.0000050000000019227025A 5 5 0 1 0 5 -5.665538897647979e-15Z"`;

exports[`attribute set get get set 2`] = `"M 30 0A 30 30 0 1 1 29.99998500000125 -0.029999995000017616ZL 14.9999999999925 -0.000015000000005768108A 15 15 0 1 0 15 -1.699661669294394e-14Z"`;

exports[`attribute set get get set 3`] = `"M 30 0A 30 30 0 0 1 -30 3.67394039744206e-15L -15 1.83697019872103e-15A 15 15 0 1 0 15 0Z"`;

exports[`attribute set get get set 4`] = `"M 10.260604299770064 28.19077862357725A 30 30 0 0 1 -25.980762113533157 -15.000000000000004L -12.990381056766578 -7.500000000000002A 15 15 0 0 0 5.130302149885051 14.095389311788619Z"`;

exports[`attribute set get get set 5`] = `"M -25.980762113533157 -15.000000000000004A 30 30 0 1 1 10.260604299770103 28.190778623577238L 5.130302149885051 14.095389311788619A 15 15 0 1 0 -12.990381056766585 -7.49999999999999Z"`;
